Git Course

PS C:\WebServers\home\localhost\www\git-course> git init
Initialized empty Git repository in C:/WebServers/home/localhost/www/git-course/.git/


PS C:\WebServers\home\localhost\www\git-course> git status
On branch master

No commits yet

Untracked files:
  (use "git add <file>..." to include in what will be committed)
        index.html
        notes.txt

nothing added to commit but untracked files present (use "git add" to track)


PS C:\WebServers\home\localhost\www\git-course> git add index.html				->add file


Changes to be committed:
  (use "git rm --cached <file>..." to unstage)
        new file:   index.html



PS C:\WebServers\home\localhost\www\git-course> git rm --cached index.html			->remove file
rm 'index.html'
PS C:\WebServers\home\localhost\www\git-course> git status
On branch master

No commits yet

Untracked files:
  (use "git add <file>..." to include in what will be committed)
        index.html
        notes.txt
        script.js

nothing added to commit but untracked files present (use "git add" to track)



PS C:\WebServers\home\localhost\www\git-course> cls			-> clear console



PS C:\WebServers\home\localhost\www\git-course> git add .		-> add all files






